// Jest Snapshot v1, https://goo.gl/fbAQLP

exports[`Home page -- should match snapshot 1`] = `
<div>
  <main>
    NGO NUCLEUS
  </main>
</div>
`;
