// Jest Snapshot v1, https://goo.gl/fbAQLP

exports[`Navbar component -- should render correctly 1`] = `
[
  <style
    dangerouslySetInnerHTML={
      {
        "__html": ".css-1sajmd3{display:-webkit-box;display:-webkit-flex;display:-ms-flexbox;display:flex;margin:0px;padding:0px;border-bottom:0.5px solid #999;position:-webkit-sticky;position:sticky;top:0;left:0;right:0;z-index:100;background-color:#fff;}",
      }
    }
    data-emotion="css 1sajmd3"
  />,
  <nav
    className="robotoCondensed MuiBox-root css-1sajmd3"
  >
    <style
      dangerouslySetInnerHTML={
        {
          "__html": ".css-q2mcz2{display:-webkit-box;display:-webkit-flex;display:-ms-flexbox;display:flex;-webkit-align-items:center;-webkit-box-align:center;-ms-flex-align:center;align-items:center;gap:4px;padding:8px 0px;}@media (min-width:0px){.css-q2mcz2{margin:0px 8px;}}@media (min-width:900px){.css-q2mcz2{margin:0px 28px;}}.css-q2mcz2>img{height:40px;width:40px;}",
        }
      }
      data-emotion="css q2mcz2"
    />
    <div
      className="MuiBox-root css-q2mcz2"
    >
      <style
        dangerouslySetInnerHTML={
          {
            "__html": ".css-z829vz-MuiTypography-root{margin:0;font-family:"Roboto","Helvetica","Arial",sans-serif;font-weight:400;font-size:1rem;line-height:1.5;letter-spacing:0.00938em;width:5rem;}@media (min-width:0px){.css-z829vz-MuiTypography-root{font-size:14px;}}@media (min-width:900px){.css-z829vz-MuiTypography-root{font-size:16px;}}",
          }
        }
        data-emotion="css z829vz-MuiTypography-root"
      />
      <p
        className="MuiTypography-root MuiTypography-body1 css-z829vz-MuiTypography-root"
      />
    </div>
    <style
      dangerouslySetInnerHTML={
        {
          "__html": ".css-1fpihtw-MuiList-root{list-style:none;margin:0;padding:0;position:relative;padding-top:8px;padding-bottom:8px;padding:0px;width:100%;}@media (min-width:0px){.css-1fpihtw-MuiList-root{display:none;}}@media (min-width:900px){.css-1fpihtw-MuiList-root{display:-webkit-box;display:-webkit-flex;display:-ms-flexbox;display:flex;}}.css-1fpihtw-MuiList-root>a:nth-of-type(5){margin-left:auto;}.css-1fpihtw-MuiList-root>a:last-child{background-color:#fcef48;}",
        }
      }
      data-emotion="css 1fpihtw-MuiList-root"
    />
    <ul
      className="MuiList-root MuiList-padding css-1fpihtw-MuiList-root"
    />
    <style
      dangerouslySetInnerHTML={
        {
          "__html": ".css-bs9nz7-MuiButton-root{font-family:"Roboto","Helvetica","Arial",sans-serif;font-weight:500;font-size:0.875rem;line-height:1.75;letter-spacing:0.02857em;text-transform:uppercase;min-width:64px;padding:6px 8px;border-radius:4px;-webkit-transition:background-color 250ms cubic-bezier(0.4, 0, 0.2, 1) 0ms,box-shadow 250ms cubic-bezier(0.4, 0, 0.2, 1) 0ms,border-color 250ms cubic-bezier(0.4, 0, 0.2, 1) 0ms,color 250ms cubic-bezier(0.4, 0, 0.2, 1) 0ms;transition:background-color 250ms cubic-bezier(0.4, 0, 0.2, 1) 0ms,box-shadow 250ms cubic-bezier(0.4, 0, 0.2, 1) 0ms,border-color 250ms cubic-bezier(0.4, 0, 0.2, 1) 0ms,color 250ms cubic-bezier(0.4, 0, 0.2, 1) 0ms;color:#1976d2;color:#111;text-transform:capitalize;font-weight:700;font-size:1rem;padding:8px 24px;margin-left:auto;}.css-bs9nz7-MuiButton-root:hover{-webkit-text-decoration:none;text-decoration:none;background-color:rgba(25, 118, 210, 0.04);}@media (hover: none){.css-bs9nz7-MuiButton-root:hover{background-color:transparent;}}.css-bs9nz7-MuiButton-root.Mui-disabled{color:rgba(0, 0, 0, 0.26);}@media (min-width:0px){.css-bs9nz7-MuiButton-root{display:-webkit-box;display:-webkit-flex;display:-ms-flexbox;display:flex;}}@media (min-width:900px){.css-bs9nz7-MuiButton-root{display:none;}}.css-bs9nz7-MuiButton-root:hover{background-color:#fff898;}",
        }
      }
      data-emotion="css bs9nz7-MuiButton-root"
    />
    <style
      dangerouslySetInnerHTML={
        {
          "__html": ".css-1pm5f6h-MuiButtonBase-root-MuiButton-root{display:-webkit-inline-box;display:-webkit-inline-flex;display:-ms-inline-flexbox;display:inline-flex;-webkit-align-items:center;-webkit-box-align:center;-ms-flex-align:center;align-items:center;-webkit-box-pack:center;-ms-flex-pack:center;-webkit-justify-content:center;justify-content:center;position:relative;box-sizing:border-box;-webkit-tap-highlight-color:transparent;background-color:transparent;outline:0;border:0;margin:0;border-radius:0;padding:0;cursor:pointer;-webkit-user-select:none;-moz-user-select:none;-ms-user-select:none;user-select:none;vertical-align:middle;-moz-appearance:none;-webkit-appearance:none;-webkit-text-decoration:none;text-decoration:none;color:inherit;font-family:"Roboto","Helvetica","Arial",sans-serif;font-weight:500;font-size:0.875rem;line-height:1.75;letter-spacing:0.02857em;text-transform:uppercase;min-width:64px;padding:6px 8px;border-radius:4px;-webkit-transition:background-color 250ms cubic-bezier(0.4, 0, 0.2, 1) 0ms,box-shadow 250ms cubic-bezier(0.4, 0, 0.2, 1) 0ms,border-color 250ms cubic-bezier(0.4, 0, 0.2, 1) 0ms,color 250ms cubic-bezier(0.4, 0, 0.2, 1) 0ms;transition:background-color 250ms cubic-bezier(0.4, 0, 0.2, 1) 0ms,box-shadow 250ms cubic-bezier(0.4, 0, 0.2, 1) 0ms,border-color 250ms cubic-bezier(0.4, 0, 0.2, 1) 0ms,color 250ms cubic-bezier(0.4, 0, 0.2, 1) 0ms;color:#1976d2;color:#111;text-transform:capitalize;font-weight:700;font-size:1rem;padding:8px 24px;margin-left:auto;}.css-1pm5f6h-MuiButtonBase-root-MuiButton-root::-moz-focus-inner{border-style:none;}.css-1pm5f6h-MuiButtonBase-root-MuiButton-root.Mui-disabled{pointer-events:none;cursor:default;}@media print{.css-1pm5f6h-MuiButtonBase-root-MuiButton-root{-webkit-print-color-adjust:exact;color-adjust:exact;}}.css-1pm5f6h-MuiButtonBase-root-MuiButton-root:hover{-webkit-text-decoration:none;text-decoration:none;background-color:rgba(25, 118, 210, 0.04);}@media (hover: none){.css-1pm5f6h-MuiButtonBase-root-MuiButton-root:hover{background-color:transparent;}}.css-1pm5f6h-MuiButtonBase-root-MuiButton-root.Mui-disabled{color:rgba(0, 0, 0, 0.26);}@media (min-width:0px){.css-1pm5f6h-MuiButtonBase-root-MuiButton-root{display:-webkit-box;display:-webkit-flex;display:-ms-flexbox;display:flex;}}@media (min-width:900px){.css-1pm5f6h-MuiButtonBase-root-MuiButton-root{display:none;}}.css-1pm5f6h-MuiButtonBase-root-MuiButton-root:hover{background-color:#fff898;}",
        }
      }
      data-emotion="css 1pm5f6h-MuiButtonBase-root-MuiButton-root"
    />
    <button
      className="MuiButtonBase-root MuiButton-root MuiButton-text MuiButton-textPrimary MuiButton-sizeMedium MuiButton-textSizeMedium MuiButton-root MuiButton-text MuiButton-textPrimary MuiButton-sizeMedium MuiButton-textSizeMedium robotoCondensed css-1pm5f6h-MuiButtonBase-root-MuiButton-root"
      disabled={false}
      onBlur={[Function]}
      onClick={[Function]}
      onContextMenu={[Function]}
      onDragLeave={[Function]}
      onFocus={[Function]}
      onKeyDown={[Function]}
      onKeyUp={[Function]}
      onMouseDown={[Function]}
      onMouseLeave={[Function]}
      onMouseUp={[Function]}
      onTouchEnd={[Function]}
      onTouchMove={[Function]}
      onTouchStart={[Function]}
      tabIndex={0}
      type="button"
    >
      Menu
    </button>
    <style
      dangerouslySetInnerHTML={
        {
          "__html": ".css-1tz4fy1-MuiDrawer-root{z-index:1200;}@media (min-width:900px){.css-1tz4fy1-MuiDrawer-root{display:none;}}",
        }
      }
      data-emotion="css 1tz4fy1-MuiDrawer-root"
    />
  </nav>,
]
`;
