// Jest Snapshot v1, https://goo.gl/fbAQLP

exports[`Footer component -- should render correctly 1`] = `
[
  <style
    dangerouslySetInnerHTML={
      {
        "__html": ".css-e3lc46{position:relative;min-height:720px;margin-top:6rem;}.css-e3lc46>img{position:absolute;top:0;object-fit:cover;height:100%;width:100vw;}",
      }
    }
    data-emotion="css e3lc46"
  />,
  <footer
    className="MuiBox-root css-e3lc46"
  >
    <style
      dangerouslySetInnerHTML={
        {
          "__html": ".css-s3pq8s{position:relative;z-index:10;background:linear-gradient(90deg, rgba( 0, 0, 0, 0.25 ), rgba( 0, 0, 0, 0 ));box-shadow:0 8px 8px 0 rgba( 31, 38, 135, 0.37 );-webkit-backdrop-filter:blur( 7px );backdrop-filter:blur( 7px );-webkit-backdrop-filter:blur( 7px );min-height:720px;padding:2rem;}",
        }
      }
      data-emotion="css s3pq8s"
    />
    <div
      className="MuiBox-root css-s3pq8s"
    >
      <style
        dangerouslySetInnerHTML={
          {
            "__html": ".css-1vvxj9{position:relative;background-color:#F1EFE9;display:-webkit-box;display:-webkit-flex;display:-ms-flexbox;display:flex;border-radius:1rem;-webkit-align-items:center;-webkit-box-align:center;-ms-flex-align:center;align-items:center;}@media (min-width:0px){.css-1vvxj9{padding:1rem 0rem;}}@media (min-width:900px){.css-1vvxj9{padding:1rem 0rem;}}@media (min-width:1200px){.css-1vvxj9{padding:2.5rem 0rem;}}.css-1vvxj9>img{-webkit-flex:1;-ms-flex:1;flex:1;object-position:0% 80%;}@media (min-width:0px){.css-1vvxj9>img{display:none;}}@media (min-width:900px){.css-1vvxj9>img{display:inherit;}}.css-1vvxj9>img height{xs:300px;lg:450px;}.css-1vvxj9>img width{xs:300px;lg:450px;}.css-1vvxj9>img objectFit{xs:cover;xl:contain;}",
          }
        }
        data-emotion="css 1vvxj9"
      />
      <div
        className="MuiBox-root css-1vvxj9"
      >
        <style
          dangerouslySetInnerHTML={
            {
              "__html": ".css-wpc5vj{color:#111;-webkit-flex:1;-ms-flex:1;flex:1;display:-webkit-box;display:-webkit-flex;display:-ms-flexbox;display:flex;-webkit-flex-direction:column;-ms-flex-direction:column;flex-direction:column;}@media (min-width:0px){.css-wpc5vj{gap:1rem;padding:2rem 3rem;}}@media (min-width:900px){.css-wpc5vj{gap:1rem;padding:0 3rem;}}@media (min-width:1200px){.css-wpc5vj{gap:2rem;}}",
            }
          }
          data-emotion="css wpc5vj"
        />
        <div
          className="poppins MuiBox-root css-wpc5vj"
        >
          <style
            dangerouslySetInnerHTML={
              {
                "__html": ".css-1wp6sb1-MuiTypography-root{margin:0;font-family:"Roboto","Helvetica","Arial",sans-serif;font-weight:400;font-size:1rem;line-height:1.5;letter-spacing:0.00938em;color:#656565;font-size:14px;text-transform:uppercase;letter-spacing:1.5px;}",
              }
            }
            data-emotion="css 1wp6sb1-MuiTypography-root"
          />
          <p
            className="MuiTypography-root MuiTypography-body1 css-1wp6sb1-MuiTypography-root"
          >
            Contact us
          </p>
          <style
            dangerouslySetInnerHTML={
              {
                "__html": ".css-1cds5sd{font-weight:500;padding-right:3rem;margin:0px;}@media (min-width:0px){.css-1cds5sd{font-size:28px;line-height:44px;}}@media (min-width:1200px){.css-1cds5sd{font-size:32px;line-height:48px;}}",
              }
            }
            data-emotion="css 1cds5sd"
          />
          <p
            className="cormorant MuiBox-root css-1cds5sd"
          >
            Swiftly get a call & talk with the right people in our team to help.
          </p>
          <style
            dangerouslySetInnerHTML={
              {
                "__html": ".css-biuvlr-MuiGrid-root{box-sizing:border-box;display:-webkit-box;display:-webkit-flex;display:-ms-flexbox;display:flex;-webkit-box-flex-wrap:wrap;-webkit-flex-wrap:wrap;-ms-flex-wrap:wrap;flex-wrap:wrap;width:100%;-webkit-flex-direction:row;-ms-flex-direction:row;flex-direction:row;box-sizing:border-box;gap:8px;}",
              }
            }
            data-emotion="css biuvlr-MuiGrid-root"
          />
          <div
            className="MuiGrid-root MuiGrid-container poppins css-biuvlr-MuiGrid-root"
          >
            <style
              dangerouslySetInnerHTML={
                {
                  "__html": ".css-3zorxd-MuiGrid-root{box-sizing:border-box;margin:0;-webkit-flex-direction:row;-ms-flex-direction:row;flex-direction:row;-webkit-flex-basis:100%;-ms-flex-preferred-size:100%;flex-basis:100%;-webkit-box-flex:0;-webkit-flex-grow:0;-ms-flex-positive:0;flex-grow:0;max-width:100%;}@media (min-width:600px){.css-3zorxd-MuiGrid-root{-webkit-flex-basis:41.666667%;-ms-flex-preferred-size:41.666667%;flex-basis:41.666667%;-webkit-box-flex:0;-webkit-flex-grow:0;-ms-flex-positive:0;flex-grow:0;max-width:41.666667%;}}@media (min-width:900px){.css-3zorxd-MuiGrid-root{-webkit-flex-basis:41.666667%;-ms-flex-preferred-size:41.666667%;flex-basis:41.666667%;-webkit-box-flex:0;-webkit-flex-grow:0;-ms-flex-positive:0;flex-grow:0;max-width:41.666667%;}}@media (min-width:1200px){.css-3zorxd-MuiGrid-root{-webkit-flex-basis:41.666667%;-ms-flex-preferred-size:41.666667%;flex-basis:41.666667%;-webkit-box-flex:0;-webkit-flex-grow:0;-ms-flex-positive:0;flex-grow:0;max-width:41.666667%;}}@media (min-width:1536px){.css-3zorxd-MuiGrid-root{-webkit-flex-basis:41.666667%;-ms-flex-preferred-size:41.666667%;flex-basis:41.666667%;-webkit-box-flex:0;-webkit-flex-grow:0;-ms-flex-positive:0;flex-grow:0;max-width:41.666667%;}}@media (min-width:0px){.css-3zorxd-MuiGrid-root{margin-right:0px;}}@media (min-width:600px){.css-3zorxd-MuiGrid-root{margin-right:4rem;}}@media (min-width:900px){.css-3zorxd-MuiGrid-root{margin-right:3rem;}}",
                }
              }
              data-emotion="css 3zorxd-MuiGrid-root"
            />
            <div
              className="MuiGrid-root MuiGrid-item MuiGrid-grid-xs-12 MuiGrid-grid-sm-5 MuiGrid-grid-md-5 css-3zorxd-MuiGrid-root"
            >
              <style
                dangerouslySetInnerHTML={
                  {
                    "__html": ".css-zplelk-MuiTextField-root{width:100%;}.css-zplelk-MuiTextField-root>div::before{border-bottom:1px solid #ccc;}.css-zplelk-MuiTextField-root>div::after{border-bottom:1px solid #8b8b8b;}.css-zplelk-MuiTextField-root>div:hover:not(.Mui-disabled, .Mui-error):before{border-bottom:1px solid #8b8b8b;}.css-zplelk-MuiTextField-root>div input{font-size:14px;padding:8px 0px;}.css-zplelk-MuiTextField-root>label{font-size:14px;}.css-zplelk-MuiTextField-root>label.Mui-focused{color:#751d1d;}",
                  }
                }
                data-emotion="css zplelk-MuiTextField-root"
              />
              <style
                dangerouslySetInnerHTML={
                  {
                    "__html": ".css-kxgnan-MuiFormControl-root-MuiTextField-root{display:-webkit-inline-box;display:-webkit-inline-flex;display:-ms-inline-flexbox;display:inline-flex;-webkit-flex-direction:column;-ms-flex-direction:column;flex-direction:column;position:relative;min-width:0;padding:0;margin:0;border:0;vertical-align:top;width:100%;}.css-kxgnan-MuiFormControl-root-MuiTextField-root>div::before{border-bottom:1px solid #ccc;}.css-kxgnan-MuiFormControl-root-MuiTextField-root>div::after{border-bottom:1px solid #8b8b8b;}.css-kxgnan-MuiFormControl-root-MuiTextField-root>div:hover:not(.Mui-disabled, .Mui-error):before{border-bottom:1px solid #8b8b8b;}.css-kxgnan-MuiFormControl-root-MuiTextField-root>div input{font-size:14px;padding:8px 0px;}.css-kxgnan-MuiFormControl-root-MuiTextField-root>label{font-size:14px;}.css-kxgnan-MuiFormControl-root-MuiTextField-root>label.Mui-focused{color:#751d1d;}",
                  }
                }
                data-emotion="css kxgnan-MuiFormControl-root-MuiTextField-root"
              />
              <div
                className="MuiFormControl-root MuiTextField-root css-kxgnan-MuiFormControl-root-MuiTextField-root"
              >
                <style
                  dangerouslySetInnerHTML={
                    {
                      "__html": ".css-1so17hl-MuiInputLabel-root{display:block;transform-origin:top left;white-space:nowrap;overflow:hidden;text-overflow:ellipsis;max-width:100%;position:absolute;left:0;top:0;-webkit-transform:translate(0, 20px) scale(1);-moz-transform:translate(0, 20px) scale(1);-ms-transform:translate(0, 20px) scale(1);transform:translate(0, 20px) scale(1);-webkit-transition:color 200ms cubic-bezier(0.0, 0, 0.2, 1) 0ms,-webkit-transform 200ms cubic-bezier(0.0, 0, 0.2, 1) 0ms,max-width 200ms cubic-bezier(0.0, 0, 0.2, 1) 0ms;transition:color 200ms cubic-bezier(0.0, 0, 0.2, 1) 0ms,transform 200ms cubic-bezier(0.0, 0, 0.2, 1) 0ms,max-width 200ms cubic-bezier(0.0, 0, 0.2, 1) 0ms;}",
                    }
                  }
                  data-emotion="css 1so17hl-MuiInputLabel-root"
                />
                <style
                  dangerouslySetInnerHTML={
                    {
                      "__html": ".css-aqpgxn-MuiFormLabel-root-MuiInputLabel-root{color:rgba(0, 0, 0, 0.6);font-family:"Roboto","Helvetica","Arial",sans-serif;font-weight:400;font-size:1rem;line-height:1.4375em;letter-spacing:0.00938em;padding:0;position:relative;display:block;transform-origin:top left;white-space:nowrap;overflow:hidden;text-overflow:ellipsis;max-width:100%;position:absolute;left:0;top:0;-webkit-transform:translate(0, 20px) scale(1);-moz-transform:translate(0, 20px) scale(1);-ms-transform:translate(0, 20px) scale(1);transform:translate(0, 20px) scale(1);-webkit-transition:color 200ms cubic-bezier(0.0, 0, 0.2, 1) 0ms,-webkit-transform 200ms cubic-bezier(0.0, 0, 0.2, 1) 0ms,max-width 200ms cubic-bezier(0.0, 0, 0.2, 1) 0ms;transition:color 200ms cubic-bezier(0.0, 0, 0.2, 1) 0ms,transform 200ms cubic-bezier(0.0, 0, 0.2, 1) 0ms,max-width 200ms cubic-bezier(0.0, 0, 0.2, 1) 0ms;}.css-aqpgxn-MuiFormLabel-root-MuiInputLabel-root.Mui-focused{color:#1976d2;}.css-aqpgxn-MuiFormLabel-root-MuiInputLabel-root.Mui-disabled{color:rgba(0, 0, 0, 0.38);}.css-aqpgxn-MuiFormLabel-root-MuiInputLabel-root.Mui-error{color:#d32f2f;}",
                    }
                  }
                  data-emotion="css aqpgxn-MuiFormLabel-root-MuiInputLabel-root"
                />
                <label
                  className="MuiFormLabel-root MuiInputLabel-root MuiInputLabel-formControl MuiInputLabel-animated MuiInputLabel-standard MuiFormLabel-colorPrimary MuiInputLabel-root MuiInputLabel-formControl MuiInputLabel-animated MuiInputLabel-standard css-aqpgxn-MuiFormLabel-root-MuiInputLabel-root"
                  data-shrink={false}
                  htmlFor=":r0:"
                  id=":r0:-label"
                >
                  Name
                </label>
                <style
                  dangerouslySetInnerHTML={
                    {
                      "__html": "@-webkit-keyframes mui-auto-fill{from{display:block;}}@keyframes mui-auto-fill{from{display:block;}}@-webkit-keyframes mui-auto-fill-cancel{from{display:block;}}@keyframes mui-auto-fill-cancel{from{display:block;}}",
                    }
                  }
                  data-emotion="css-global 1prfaxn"
                />
                <style
                  dangerouslySetInnerHTML={
                    {
                      "__html": ".css-v4u5dn-MuiInputBase-root-MuiInput-root{font-family:"Roboto","Helvetica","Arial",sans-serif;font-weight:400;font-size:1rem;line-height:1.4375em;letter-spacing:0.00938em;color:rgba(0, 0, 0, 0.87);box-sizing:border-box;position:relative;cursor:text;display:-webkit-inline-box;display:-webkit-inline-flex;display:-ms-inline-flexbox;display:inline-flex;-webkit-align-items:center;-webkit-box-align:center;-ms-flex-align:center;align-items:center;position:relative;}.css-v4u5dn-MuiInputBase-root-MuiInput-root.Mui-disabled{color:rgba(0, 0, 0, 0.38);cursor:default;}label+.css-v4u5dn-MuiInputBase-root-MuiInput-root{margin-top:16px;}.css-v4u5dn-MuiInputBase-root-MuiInput-root:after{border-bottom:2px solid #1976d2;left:0;bottom:0;content:"";position:absolute;right:0;-webkit-transform:scaleX(0);-moz-transform:scaleX(0);-ms-transform:scaleX(0);transform:scaleX(0);-webkit-transition:-webkit-transform 200ms cubic-bezier(0.0, 0, 0.2, 1) 0ms;transition:transform 200ms cubic-bezier(0.0, 0, 0.2, 1) 0ms;pointer-events:none;}.css-v4u5dn-MuiInputBase-root-MuiInput-root.Mui-focused:after{-webkit-transform:scaleX(1) translateX(0);-moz-transform:scaleX(1) translateX(0);-ms-transform:scaleX(1) translateX(0);transform:scaleX(1) translateX(0);}.css-v4u5dn-MuiInputBase-root-MuiInput-root.Mui-error:before,.css-v4u5dn-MuiInputBase-root-MuiInput-root.Mui-error:after{border-bottom-color:#d32f2f;}.css-v4u5dn-MuiInputBase-root-MuiInput-root:before{border-bottom:1px solid rgba(0, 0, 0, 0.42);left:0;bottom:0;content:"\\00a0";position:absolute;right:0;-webkit-transition:border-bottom-color 200ms cubic-bezier(0.4, 0, 0.2, 1) 0ms;transition:border-bottom-color 200ms cubic-bezier(0.4, 0, 0.2, 1) 0ms;pointer-events:none;}.css-v4u5dn-MuiInputBase-root-MuiInput-root:hover:not(.Mui-disabled, .Mui-error):before{border-bottom:2px solid rgba(0, 0, 0, 0.87);}@media (hover: none){.css-v4u5dn-MuiInputBase-root-MuiInput-root:hover:not(.Mui-disabled, .Mui-error):before{border-bottom:1px solid rgba(0, 0, 0, 0.42);}}.css-v4u5dn-MuiInputBase-root-MuiInput-root.Mui-disabled:before{border-bottom-style:dotted;}",
                    }
                  }
                  data-emotion="css v4u5dn-MuiInputBase-root-MuiInput-root"
                />
                <div
                  className="MuiInputBase-root MuiInput-root MuiInput-underline MuiInputBase-colorPrimary MuiInputBase-formControl css-v4u5dn-MuiInputBase-root-MuiInput-root"
                  onClick={[Function]}
                >
                  <style
                    dangerouslySetInnerHTML={
                      {
                        "__html": ".css-1x51dt5-MuiInputBase-input-MuiInput-input{font:inherit;letter-spacing:inherit;color:currentColor;padding:4px 0 5px;border:0;box-sizing:content-box;background:none;height:1.4375em;margin:0;-webkit-tap-highlight-color:transparent;display:block;min-width:0;width:100%;-webkit-animation-name:mui-auto-fill-cancel;animation-name:mui-auto-fill-cancel;-webkit-animation-duration:10ms;animation-duration:10ms;}.css-1x51dt5-MuiInputBase-input-MuiInput-input::-webkit-input-placeholder{color:currentColor;opacity:0.42;-webkit-transition:opacity 200ms cubic-bezier(0.4, 0, 0.2, 1) 0ms;transition:opacity 200ms cubic-bezier(0.4, 0, 0.2, 1) 0ms;}.css-1x51dt5-MuiInputBase-input-MuiInput-input::-moz-placeholder{color:currentColor;opacity:0.42;-webkit-transition:opacity 200ms cubic-bezier(0.4, 0, 0.2, 1) 0ms;transition:opacity 200ms cubic-bezier(0.4, 0, 0.2, 1) 0ms;}.css-1x51dt5-MuiInputBase-input-MuiInput-input:-ms-input-placeholder{color:currentColor;opacity:0.42;-webkit-transition:opacity 200ms cubic-bezier(0.4, 0, 0.2, 1) 0ms;transition:opacity 200ms cubic-bezier(0.4, 0, 0.2, 1) 0ms;}.css-1x51dt5-MuiInputBase-input-MuiInput-input::-ms-input-placeholder{color:currentColor;opacity:0.42;-webkit-transition:opacity 200ms cubic-bezier(0.4, 0, 0.2, 1) 0ms;transition:opacity 200ms cubic-bezier(0.4, 0, 0.2, 1) 0ms;}.css-1x51dt5-MuiInputBase-input-MuiInput-input:focus{outline:0;}.css-1x51dt5-MuiInputBase-input-MuiInput-input:invalid{box-shadow:none;}.css-1x51dt5-MuiInputBase-input-MuiInput-input::-webkit-search-decoration{-webkit-appearance:none;}label[data-shrink=false]+.MuiInputBase-formControl .css-1x51dt5-MuiInputBase-input-MuiInput-input::-webkit-input-placeholder{opacity:0!important;}label[data-shrink=false]+.MuiInputBase-formControl .css-1x51dt5-MuiInputBase-input-MuiInput-input::-moz-placeholder{opacity:0!important;}label[data-shrink=false]+.MuiInputBase-formControl .css-1x51dt5-MuiInputBase-input-MuiInput-input:-ms-input-placeholder{opacity:0!important;}label[data-shrink=false]+.MuiInputBase-formControl .css-1x51dt5-MuiInputBase-input-MuiInput-input::-ms-input-placeholder{opacity:0!important;}label[data-shrink=false]+.MuiInputBase-formControl .css-1x51dt5-MuiInputBase-input-MuiInput-input:focus::-webkit-input-placeholder{opacity:0.42;}label[data-shrink=false]+.MuiInputBase-formControl .css-1x51dt5-MuiInputBase-input-MuiInput-input:focus::-moz-placeholder{opacity:0.42;}label[data-shrink=false]+.MuiInputBase-formControl .css-1x51dt5-MuiInputBase-input-MuiInput-input:focus:-ms-input-placeholder{opacity:0.42;}label[data-shrink=false]+.MuiInputBase-formControl .css-1x51dt5-MuiInputBase-input-MuiInput-input:focus::-ms-input-placeholder{opacity:0.42;}.css-1x51dt5-MuiInputBase-input-MuiInput-input.Mui-disabled{opacity:1;-webkit-text-fill-color:rgba(0, 0, 0, 0.38);}.css-1x51dt5-MuiInputBase-input-MuiInput-input:-webkit-autofill{-webkit-animation-duration:5000s;animation-duration:5000s;-webkit-animation-name:mui-auto-fill;animation-name:mui-auto-fill;}",
                      }
                    }
                    data-emotion="css 1x51dt5-MuiInputBase-input-MuiInput-input"
                  />
                  <input
                    aria-invalid={false}
                    autoFocus={false}
                    className="MuiInputBase-input MuiInput-input css-1x51dt5-MuiInputBase-input-MuiInput-input"
                    disabled={false}
                    id=":r0:"
                    onAnimationStart={[Function]}
                    onBlur={[Function]}
                    onChange={[Function]}
                    onFocus={[Function]}
                    required={false}
                    type="text"
                    value=""
                  />
                </div>
              </div>
            </div>
            <style
              dangerouslySetInnerHTML={
                {
                  "__html": ".css-11lxi55-MuiGrid-root{box-sizing:border-box;margin:0;-webkit-flex-direction:row;-ms-flex-direction:row;flex-direction:row;-webkit-flex-basis:100%;-ms-flex-preferred-size:100%;flex-basis:100%;-webkit-box-flex:0;-webkit-flex-grow:0;-ms-flex-positive:0;flex-grow:0;max-width:100%;}@media (min-width:600px){.css-11lxi55-MuiGrid-root{-webkit-flex-basis:41.666667%;-ms-flex-preferred-size:41.666667%;flex-basis:41.666667%;-webkit-box-flex:0;-webkit-flex-grow:0;-ms-flex-positive:0;flex-grow:0;max-width:41.666667%;}}@media (min-width:900px){.css-11lxi55-MuiGrid-root{-webkit-flex-basis:41.666667%;-ms-flex-preferred-size:41.666667%;flex-basis:41.666667%;-webkit-box-flex:0;-webkit-flex-grow:0;-ms-flex-positive:0;flex-grow:0;max-width:41.666667%;}}@media (min-width:1200px){.css-11lxi55-MuiGrid-root{-webkit-flex-basis:41.666667%;-ms-flex-preferred-size:41.666667%;flex-basis:41.666667%;-webkit-box-flex:0;-webkit-flex-grow:0;-ms-flex-positive:0;flex-grow:0;max-width:41.666667%;}}@media (min-width:1536px){.css-11lxi55-MuiGrid-root{-webkit-flex-basis:41.666667%;-ms-flex-preferred-size:41.666667%;flex-basis:41.666667%;-webkit-box-flex:0;-webkit-flex-grow:0;-ms-flex-positive:0;flex-grow:0;max-width:41.666667%;}}",
                }
              }
              data-emotion="css 11lxi55-MuiGrid-root"
            />
            <div
              className="MuiGrid-root MuiGrid-item MuiGrid-grid-xs-12 MuiGrid-grid-sm-5 MuiGrid-grid-md-5 css-11lxi55-MuiGrid-root"
            >
              <div
                className="MuiFormControl-root MuiTextField-root css-kxgnan-MuiFormControl-root-MuiTextField-root"
              >
                <label
                  className="MuiFormLabel-root MuiInputLabel-root MuiInputLabel-formControl MuiInputLabel-animated MuiInputLabel-standard MuiFormLabel-colorPrimary MuiInputLabel-root MuiInputLabel-formControl MuiInputLabel-animated MuiInputLabel-standard css-aqpgxn-MuiFormLabel-root-MuiInputLabel-root"
                  data-shrink={false}
                  htmlFor=":r1:"
                  id=":r1:-label"
                >
                  Contact Number
                </label>
                <style
                  dangerouslySetInnerHTML={
                    {
                      "__html": "@-webkit-keyframes mui-auto-fill{from{display:block;}}@keyframes mui-auto-fill{from{display:block;}}@-webkit-keyframes mui-auto-fill-cancel{from{display:block;}}@keyframes mui-auto-fill-cancel{from{display:block;}}",
                    }
                  }
                  data-emotion="css-global 1prfaxn"
                />
                <div
                  className="MuiInputBase-root MuiInput-root MuiInput-underline MuiInputBase-colorPrimary MuiInputBase-formControl css-v4u5dn-MuiInputBase-root-MuiInput-root"
                  onClick={[Function]}
                >
                  <input
                    aria-invalid={false}
                    autoFocus={false}
                    className="MuiInputBase-input MuiInput-input css-1x51dt5-MuiInputBase-input-MuiInput-input"
                    disabled={false}
                    id=":r1:"
                    onAnimationStart={[Function]}
                    onBlur={[Function]}
                    onChange={[Function]}
                    onFocus={[Function]}
                    required={false}
                    type="text"
                    value=""
                  />
                </div>
              </div>
            </div>
            <style
              dangerouslySetInnerHTML={
                {
                  "__html": ".css-1idn90j-MuiGrid-root{box-sizing:border-box;margin:0;-webkit-flex-direction:row;-ms-flex-direction:row;flex-direction:row;-webkit-flex-basis:100%;-ms-flex-preferred-size:100%;flex-basis:100%;-webkit-box-flex:0;-webkit-flex-grow:0;-ms-flex-positive:0;flex-grow:0;max-width:100%;}@media (min-width:600px){.css-1idn90j-MuiGrid-root{-webkit-flex-basis:100%;-ms-flex-preferred-size:100%;flex-basis:100%;-webkit-box-flex:0;-webkit-flex-grow:0;-ms-flex-positive:0;flex-grow:0;max-width:100%;}}@media (min-width:900px){.css-1idn90j-MuiGrid-root{-webkit-flex-basis:100%;-ms-flex-preferred-size:100%;flex-basis:100%;-webkit-box-flex:0;-webkit-flex-grow:0;-ms-flex-positive:0;flex-grow:0;max-width:100%;}}@media (min-width:1200px){.css-1idn90j-MuiGrid-root{-webkit-flex-basis:100%;-ms-flex-preferred-size:100%;flex-basis:100%;-webkit-box-flex:0;-webkit-flex-grow:0;-ms-flex-positive:0;flex-grow:0;max-width:100%;}}@media (min-width:1536px){.css-1idn90j-MuiGrid-root{-webkit-flex-basis:100%;-ms-flex-preferred-size:100%;flex-basis:100%;-webkit-box-flex:0;-webkit-flex-grow:0;-ms-flex-positive:0;flex-grow:0;max-width:100%;}}",
                }
              }
              data-emotion="css 1idn90j-MuiGrid-root"
            />
            <div
              className="MuiGrid-root MuiGrid-item MuiGrid-grid-xs-12 MuiGrid-grid-sm-12 MuiGrid-grid-md-12 css-1idn90j-MuiGrid-root"
            >
              <div
                className="MuiFormControl-root MuiTextField-root css-kxgnan-MuiFormControl-root-MuiTextField-root"
              >
                <label
                  className="MuiFormLabel-root MuiInputLabel-root MuiInputLabel-formControl MuiInputLabel-animated MuiInputLabel-standard MuiFormLabel-colorPrimary MuiInputLabel-root MuiInputLabel-formControl MuiInputLabel-animated MuiInputLabel-standard css-aqpgxn-MuiFormLabel-root-MuiInputLabel-root"
                  data-shrink={false}
                  htmlFor=":r2:"
                  id=":r2:-label"
                >
                  Email
                </label>
                <style
                  dangerouslySetInnerHTML={
                    {
                      "__html": "@-webkit-keyframes mui-auto-fill{from{display:block;}}@keyframes mui-auto-fill{from{display:block;}}@-webkit-keyframes mui-auto-fill-cancel{from{display:block;}}@keyframes mui-auto-fill-cancel{from{display:block;}}",
                    }
                  }
                  data-emotion="css-global 1prfaxn"
                />
                <div
                  className="MuiInputBase-root MuiInput-root MuiInput-underline MuiInputBase-colorPrimary MuiInputBase-formControl css-v4u5dn-MuiInputBase-root-MuiInput-root"
                  onClick={[Function]}
                >
                  <input
                    aria-invalid={false}
                    autoFocus={false}
                    className="MuiInputBase-input MuiInput-input css-1x51dt5-MuiInputBase-input-MuiInput-input"
                    disabled={false}
                    id=":r2:"
                    onAnimationStart={[Function]}
                    onBlur={[Function]}
                    onChange={[Function]}
                    onFocus={[Function]}
                    required={false}
                    type="text"
                    value=""
                  />
                </div>
              </div>
            </div>
            <style
              dangerouslySetInnerHTML={
                {
                  "__html": ".css-1yd5vmf-MuiGrid-root{box-sizing:border-box;margin:0;-webkit-flex-direction:row;-ms-flex-direction:row;flex-direction:row;-webkit-flex-basis:50%;-ms-flex-preferred-size:50%;flex-basis:50%;-webkit-box-flex:0;-webkit-flex-grow:0;-ms-flex-positive:0;flex-grow:0;max-width:50%;margin-top:16px;}@media (min-width:600px){.css-1yd5vmf-MuiGrid-root{-webkit-flex-basis:50%;-ms-flex-preferred-size:50%;flex-basis:50%;-webkit-box-flex:0;-webkit-flex-grow:0;-ms-flex-positive:0;flex-grow:0;max-width:50%;}}@media (min-width:900px){.css-1yd5vmf-MuiGrid-root{-webkit-flex-basis:50%;-ms-flex-preferred-size:50%;flex-basis:50%;-webkit-box-flex:0;-webkit-flex-grow:0;-ms-flex-positive:0;flex-grow:0;max-width:50%;}}@media (min-width:1200px){.css-1yd5vmf-MuiGrid-root{-webkit-flex-basis:50%;-ms-flex-preferred-size:50%;flex-basis:50%;-webkit-box-flex:0;-webkit-flex-grow:0;-ms-flex-positive:0;flex-grow:0;max-width:50%;}}@media (min-width:1536px){.css-1yd5vmf-MuiGrid-root{-webkit-flex-basis:50%;-ms-flex-preferred-size:50%;flex-basis:50%;-webkit-box-flex:0;-webkit-flex-grow:0;-ms-flex-positive:0;flex-grow:0;max-width:50%;}}",
                }
              }
              data-emotion="css 1yd5vmf-MuiGrid-root"
            />
            <div
              className="MuiGrid-root MuiGrid-item MuiGrid-grid-xs-6 css-1yd5vmf-MuiGrid-root"
            >
              <style
                dangerouslySetInnerHTML={
                  {
                    "__html": ".css-am03uo-MuiButton-root{font-family:"Roboto","Helvetica","Arial",sans-serif;font-weight:500;font-size:0.875rem;line-height:1.75;letter-spacing:0.02857em;text-transform:uppercase;min-width:64px;padding:6px 8px;border-radius:4px;-webkit-transition:background-color 250ms cubic-bezier(0.4, 0, 0.2, 1) 0ms,box-shadow 250ms cubic-bezier(0.4, 0, 0.2, 1) 0ms,border-color 250ms cubic-bezier(0.4, 0, 0.2, 1) 0ms,color 250ms cubic-bezier(0.4, 0, 0.2, 1) 0ms;transition:background-color 250ms cubic-bezier(0.4, 0, 0.2, 1) 0ms,box-shadow 250ms cubic-bezier(0.4, 0, 0.2, 1) 0ms,border-color 250ms cubic-bezier(0.4, 0, 0.2, 1) 0ms,color 250ms cubic-bezier(0.4, 0, 0.2, 1) 0ms;color:#1976d2;font-size:14px;font-weight:400;color:#d9d9d9;background-color:#111;border-radius:10000px;padding:8px 16px 8px 20px;margin:12px 0px;text-transform:capitalize;}.css-am03uo-MuiButton-root:hover{-webkit-text-decoration:none;text-decoration:none;background-color:rgba(25, 118, 210, 0.04);}@media (hover: none){.css-am03uo-MuiButton-root:hover{background-color:transparent;}}.css-am03uo-MuiButton-root.Mui-disabled{color:rgba(0, 0, 0, 0.26);}.css-am03uo-MuiButton-root>svg{-webkit-transition:550ms all ease;transition:550ms all ease;margin-left:12px;}.css-am03uo-MuiButton-root:hover{color:#d9d9d9;background-color:#111;}.css-am03uo-MuiButton-root:hover>svg{-webkit-transform:translateX(12px);-moz-transform:translateX(12px);-ms-transform:translateX(12px);transform:translateX(12px);}",
                  }
                }
                data-emotion="css am03uo-MuiButton-root"
              />
              <style
                dangerouslySetInnerHTML={
                  {
                    "__html": ".css-13gb86z-MuiButtonBase-root-MuiButton-root{display:-webkit-inline-box;display:-webkit-inline-flex;display:-ms-inline-flexbox;display:inline-flex;-webkit-align-items:center;-webkit-box-align:center;-ms-flex-align:center;align-items:center;-webkit-box-pack:center;-ms-flex-pack:center;-webkit-justify-content:center;justify-content:center;position:relative;box-sizing:border-box;-webkit-tap-highlight-color:transparent;background-color:transparent;outline:0;border:0;margin:0;border-radius:0;padding:0;cursor:pointer;-webkit-user-select:none;-moz-user-select:none;-ms-user-select:none;user-select:none;vertical-align:middle;-moz-appearance:none;-webkit-appearance:none;-webkit-text-decoration:none;text-decoration:none;color:inherit;font-family:"Roboto","Helvetica","Arial",sans-serif;font-weight:500;font-size:0.875rem;line-height:1.75;letter-spacing:0.02857em;text-transform:uppercase;min-width:64px;padding:6px 8px;border-radius:4px;-webkit-transition:background-color 250ms cubic-bezier(0.4, 0, 0.2, 1) 0ms,box-shadow 250ms cubic-bezier(0.4, 0, 0.2, 1) 0ms,border-color 250ms cubic-bezier(0.4, 0, 0.2, 1) 0ms,color 250ms cubic-bezier(0.4, 0, 0.2, 1) 0ms;transition:background-color 250ms cubic-bezier(0.4, 0, 0.2, 1) 0ms,box-shadow 250ms cubic-bezier(0.4, 0, 0.2, 1) 0ms,border-color 250ms cubic-bezier(0.4, 0, 0.2, 1) 0ms,color 250ms cubic-bezier(0.4, 0, 0.2, 1) 0ms;color:#1976d2;font-size:14px;font-weight:400;color:#d9d9d9;background-color:#111;border-radius:10000px;padding:8px 16px 8px 20px;margin:12px 0px;text-transform:capitalize;}.css-13gb86z-MuiButtonBase-root-MuiButton-root::-moz-focus-inner{border-style:none;}.css-13gb86z-MuiButtonBase-root-MuiButton-root.Mui-disabled{pointer-events:none;cursor:default;}@media print{.css-13gb86z-MuiButtonBase-root-MuiButton-root{-webkit-print-color-adjust:exact;color-adjust:exact;}}.css-13gb86z-MuiButtonBase-root-MuiButton-root:hover{-webkit-text-decoration:none;text-decoration:none;background-color:rgba(25, 118, 210, 0.04);}@media (hover: none){.css-13gb86z-MuiButtonBase-root-MuiButton-root:hover{background-color:transparent;}}.css-13gb86z-MuiButtonBase-root-MuiButton-root.Mui-disabled{color:rgba(0, 0, 0, 0.26);}.css-13gb86z-MuiButtonBase-root-MuiButton-root>svg{-webkit-transition:550ms all ease;transition:550ms all ease;margin-left:12px;}.css-13gb86z-MuiButtonBase-root-MuiButton-root:hover{color:#d9d9d9;background-color:#111;}.css-13gb86z-MuiButtonBase-root-MuiButton-root:hover>svg{-webkit-transform:translateX(12px);-moz-transform:translateX(12px);-ms-transform:translateX(12px);transform:translateX(12px);}",
                  }
                }
                data-emotion="css 13gb86z-MuiButtonBase-root-MuiButton-root"
              />
              <button
                className="MuiButtonBase-root MuiButton-root MuiButton-text MuiButton-textPrimary MuiButton-sizeMedium MuiButton-textSizeMedium MuiButton-root MuiButton-text MuiButton-textPrimary MuiButton-sizeMedium MuiButton-textSizeMedium css-13gb86z-MuiButtonBase-root-MuiButton-root"
                disabled={false}
                onBlur={[Function]}
                onContextMenu={[Function]}
                onDragLeave={[Function]}
                onFocus={[Function]}
                onKeyDown={[Function]}
                onKeyUp={[Function]}
                onMouseDown={[Function]}
                onMouseLeave={[Function]}
                onMouseUp={[Function]}
                onTouchEnd={[Function]}
                onTouchMove={[Function]}
                onTouchStart={[Function]}
                tabIndex={0}
                type="button"
              >
                Get a call!!
              </button>
            </div>
          </div>
          <style
            dangerouslySetInnerHTML={
              {
                "__html": ".css-5acoef-MuiFormHelperText-root{color:rgba(0, 0, 0, 0.6);font-family:"Roboto","Helvetica","Arial",sans-serif;font-weight:400;font-size:0.75rem;line-height:1.66;letter-spacing:0.03333em;text-align:left;margin-top:3px;margin-right:0;margin-bottom:0;margin-left:0;position:absolute;bottom:20px;width:-webkit-max-content;width:-moz-max-content;width:max-content;}.css-5acoef-MuiFormHelperText-root.Mui-disabled{color:rgba(0, 0, 0, 0.38);}.css-5acoef-MuiFormHelperText-root.Mui-error{color:#d32f2f;}@media (min-width:0px){.css-5acoef-MuiFormHelperText-root{right:50%;-webkit-transform:translateX(50%);-moz-transform:translateX(50%);-ms-transform:translateX(50%);transform:translateX(50%);}}@media (min-width:600px){.css-5acoef-MuiFormHelperText-root{right:24px;-webkit-transform:none;-moz-transform:none;-ms-transform:none;transform:none;}}",
              }
            }
            data-emotion="css 5acoef-MuiFormHelperText-root"
          />
          <p
            className="MuiFormHelperText-root css-5acoef-MuiFormHelperText-root"
          >
            We‘ll never share your contact anywhere.
          </p>
        </div>
      </div>
      <style
        dangerouslySetInnerHTML={
          {
            "__html": ".css-1u0ksf7{color:#d9d9d9;}",
          }
        }
        data-emotion="css 1u0ksf7"
      />
      <div
        className="MuiBox-root css-1u0ksf7"
      >
        <div
          className="MuiBox-root css-1u0ksf7"
        >
          Hello
        </div>
        <div
          className="MuiBox-root css-1u0ksf7"
        >
          Hello
        </div>
      </div>
    </div>
  </footer>,
]
`;
